#
# A fatal error has been detected by the Java Runtime Environment:
#
#  EXCEPTION_ACCESS_VIOLATION (0xc0000005) at pc=0x00007ffa81c7e246, pid=19004, tid=12200
#
# JRE version: Java(TM) SE Runtime Environment (21.0.8+12) (build 21.0.8+12-LTS-250)
# Java VM: Java HotSpot(TM) 64-Bit Server VM (21.0.8+12-LTS-250, mixed mode, sharing, tiered, compressed oops, compressed class ptrs, g1 gc, windows-amd64)
# Problematic frame:
# V  [jvm.dll+0x13e246]
#
# No core dump will be written. Minidumps are not enabled by default on client versions of Windows
#
# If you would like to submit a bug report, please visit:
#   https://bugreport.java.com/bugreport/crash.jsp
#

---------------  S U M M A R Y ------------

Command Line: -javaagent:C:\Program Files\JetBrains\IntelliJ IDEA Community Edition 2025.2.4\lib\idea_rt.jar=61050 -Dfile.encoding=UTF-8 -Dsun.stdout.encoding=UTF-8 -Dsun.stderr.encoding=UTF-8 com.ccadmin.app.ApplicationCcadminApplication

Host: Intel(R) Core(TM) i5-8300H CPU @ 2.30GHz, 8 cores, 15G,  Windows 11 , 64 bit Build 26100 (10.0.26100.9168)
Time: Mon Sep  7 11:39:40 2026 Hora est. Pacífico, Sudamérica elapsed time: 702.151838 seconds (0d 0h 11m 42s)

---------------  T H R E A D  ---------------

Current thread (0x0000023ca8f18a40):  WorkerThread "GC Thread#3"    [id=12200, stack(0x000000dcb3b00000,0x000000dcb3c00000) (1024K)]

Stack: [0x000000dcb3b00000,0x000000dcb3c00000],  sp=0x000000dcb3bff638,  free space=1021k
Native frames: (J=compiled Java code, j=interpreted, Vv=VM code, C=native code)
V  [jvm.dll+0x13e246]


siginfo: EXCEPTION_ACCESS_VIOLATION (0xc0000005), reading address 0x0000023d8b24c87c


Registers:
RAX=0x0000000000000000, RBX=0x0000000000000001, RCX=0x00000007092643b8, RDX=0x00000007092643b8
RSP=0x000000dcb3bff638, RBP=0x00000000000007af, RSI=0x0000023c8870a480, RDI=0xe124c86e01252418
R8 =0x0000023d8b24c874, R9 =0xe124c86e01252418, R10=0x0000000000000010, R11=0x0000000000000001
R12=0x0000000000000003, R13=0x0000023d8b24c874, R14=0x00000007092643b8, R15=0x0000023cf03e5a80
RIP=0x00007ffa81c7e246, EFLAGS=0x0000000000010206


Register to memory mapping:

RAX=0x0 is null
RBX=0x0000000000000001 is an unknown value
RCX=
[error occurred during error reporting (printing register info), id 0xc0000005, EXCEPTION_ACCESS_VIOLATION (0xc0000005) at pc=0x00007ffa81c7e2b1]
RDX=
[error occurred during error reporting (printing register info, attempt 2), id 0xc0000005, EXCEPTION_ACCESS_VIOLATION (0xc0000005) at pc=0x00007ffa81c7e2b1]
RSP=0x000000dcb3bff638 points into unknown readable memory: 0x00007ffa81e96bdb | db 6b e9 81 fa 7f 00 00
RBP=0x00000000000007af is an unknown value
RSI=0x0000023c8870a480 points into unknown readable memory: 0x0000000000000000 | 00 00 00 00 00 00 00 00
RDI=0xe124c86e01252418 is an unknown value
R8 =0x0000023d8b24c874 is an unknown value
R9 =0xe124c86e01252418 is an unknown value
R10=0x0000000000000010 is an unknown value
R11=0x0000000000000001 is an unknown value
R12=0x0000000000000003 is an unknown value
R13=0x0000023d8b24c874 is an unknown value
R14=
[error occurred during error reporting (printing register info, attempt 3), id 0xc0000005, EXCEPTION_ACCESS_VIOLATION (0xc0000005) at pc=0x00007ffa81c7e2b1]
Top of Stack: (sp=0x000000dcb3bff638)
0x000000dcb3bff638:   00007ffa81e96bdb 0000000000000001
0x000000dcb3bff648:   0000000000000001 0000000000000001
0x000000dcb3bff658:   0000000000000000 0000000707e903a4
0x000000dcb3bff668:   00007ffa81e94f69 0000000000000001
0x000000dcb3bff678:   0000023c887a70c0 0000023cf03e5a98
0x000000dcb3bff688:   0000023ca23e7046 0000023cf03e5c08
0x000000dcb3bff698:   0000000000000000 0000000000000040
0x000000dcb3bff6a8:   0000023cef8b79c0 0000000000000003
0x000000dcb3bff6b8:   0000023cf03e5a80 0000023c8870a480
0x000000dcb3bff6c8:   00000000000007af 0000000707e922f4
0x000000dcb3bff6d8:   00007ffa81e97e73 0000000705550000
0x000000dcb3bff6e8:   0000000000000001 0000023c00000000
0x000000dcb3bff6f8:   0000000000000018 000000070556a000
0x000000dcb3bff708:   0000000000000017 000000dcb3bff900
0x000000dcb3bff718:   000000070556a600 000000dcb3bff900
0x000000dcb3bff728:   00007ffa81e9452e 000000070556a600
0x000000dcb3bff738:   0000023cf03e5a80 000000070556a000
0x000000dcb3bff748:   00000000000000c0 00000001a28107e6
0x000000dcb3bff758:   00000178a5a2a53a 0000000000000003
0x000000dcb3bff768:   000000dcb3bff900 0000023c887849b0
0x000000dcb3bff778:   00007ffa81ea11fb 0000000000000017
0x000000dcb3bff788:   0000023c887849b0 000000dcb3bff900
0x000000dcb3bff798:   00007ffa82204e1f 000000070556a000
0x000000dcb3bff7a8:   00000000000000c0 00007ffa8251c9e0
0x000000dcb3bff7b8:   0000000000000000 0000023c88703130
0x000000dcb3bff7c8:   0000023cf03e5a80 000000dcb3bff950
0x000000dcb3bff7d8:   00007ffa82204e1f 0000023ca96f8100
0x000000dcb3bff7e8:   0000023ca23e7b80 0000023c886f74f0
0x000000dcb3bff7f8:   00007ffa81ea2e69 000000dcb3bff880
0x000000dcb3bff808:   00007ffa8234d53e 0000000000000003
0x000000dcb3bff818:   0000023ca23e7b53 0000000000000003
0x000000dcb3bff828:   000000000000000b 0000023c88702b70 

Instructions: (pc=0x00007ffa81c7e246)
0x00007ffa81c7e146:   4c 63 c0 41 8b c1 48 c1 f8 10 48 63 14 19 41 8b
0x00007ffa81c7e156:   c9 83 e1 3f 48 d3 e2 0f b6 c8 49 8d 04 10 49 f7
0x00007ffa81c7e166:   d0 48 03 c8 49 c1 e8 03 48 c1 e9 03 49 23 c8 eb
0x00007ffa81c7e176:   12 49 8b 00 48 8b d3 49 8b c8 ff 90 00 01 00 00
0x00007ffa81c7e186:   48 8b c8 48 89 1f 48 8b c7 48 8b 5c 24 30 48 89
0x00007ffa81c7e196:   4f 08 48 83 c4 20 5f c3 cc cc 0f b6 05 13 34 a8
0x00007ffa81c7e1a6:   00 48 8b d1 84 c0 74 16 44 8b 41 08 8b 0d d0 1d
0x00007ffa81c7e1b6:   a8 00 49 d3 e0 4c 03 05 be 1d a8 00 eb 04 4c 8b
0x00007ffa81c7e1c6:   41 08 45 8b 48 08 45 85 c9 7e 0e 41 f6 c1 01 75
0x00007ffa81c7e1d6:   53 41 c1 f9 03 49 63 c1 c3 79 49 84 c0 41 b8 0c
0x00007ffa81c7e1e6:   00 00 00 8b 05 e9 2e a8 00 b9 10 00 00 00 41 0f
0x00007ffa81c7e1f6:   45 c8 ff c8 4c 63 c0 41 8b c1 48 c1 f8 10 0f b6
0x00007ffa81c7e206:   c0 48 63 14 11 41 8b c9 83 e1 3f 48 d3 e2 49 8d
0x00007ffa81c7e216:   0c 10 49 f7 d0 48 03 c1 49 c1 e8 03 48 c1 e8 03
0x00007ffa81c7e226:   49 23 c0 c3 49 8b 00 49 8b c8 48 ff a0 00 01 00
0x00007ffa81c7e236:   00 cc cc cc cc cc cc cc cc cc 4c 8b c2 48 8b d1
0x00007ffa81c7e246:   45 8b 48 08 45 85 c9 7e 0e 41 f6 c1 01 75 56 41
0x00007ffa81c7e256:   c1 f9 03 49 63 c1 c3 79 4c 80 3d 54 33 a8 00 00
0x00007ffa81c7e266:   b8 0c 00 00 00 b9 10 00 00 00 0f 45 c8 8b 05 5f
0x00007ffa81c7e276:   2e a8 00 ff c8 4c 63 c0 41 8b c1 48 c1 f8 10 48
0x00007ffa81c7e286:   63 14 11 41 8b c9 83 e1 3f 0f b6 c0 48 d3 e2 49
0x00007ffa81c7e296:   8d 0c 10 49 f7 d0 48 03 c1 49 c1 e8 03 48 c1 e8
0x00007ffa81c7e2a6:   03 49 23 c0 c3 49 8b 00 49 8b c8 48 ff a0 00 01
0x00007ffa81c7e2b6:   00 00 cc cc cc cc cc cc cc cc 48 83 ec 28 ba 37
0x00007ffa81c7e2c6:   00 00 00 48 8d 0d 88 bb 85 00 e8 0b 08 14 00 cc
0x00007ffa81c7e2d6:   cc cc cc cc cc cc cc cc cc cc 40 53 48 83 ec 20
0x00007ffa81c7e2e6:   48 8b d9 49 8b c0 33 c9 45 0f b6 c1 48 89 0b 48
0x00007ffa81c7e2f6:   89 4b 08 48 8b cb 48 89 53 10 48 8b d0 e8 a8 09
0x00007ffa81c7e306:   00 00 48 8b c3 48 83 c4 20 5b c3 cc cc cc cc cc
0x00007ffa81c7e316:   cc cc cc cc cc cc cc cc cc cc 40 53 48 83 ec 20
0x00007ffa81c7e326:   33 c0 44 88 41 10 45 0f b6 c1 48 89 01 48 89 41
0x00007ffa81c7e336:   08 48 8b d9 e8 81 0a 00 00 48 8b c3 48 83 c4 20 


Stack slot to memory mapping:

stack at sp + 0 slots: 0x00007ffa81e96bdb jvm.dll
stack at sp + 1 slots: 0x0000000000000001 is an unknown value
stack at sp + 2 slots: 0x0000000000000001 is an unknown value
stack at sp + 3 slots: 0x0000000000000001 is an unknown value
stack at sp + 4 slots: 0x0 is null
stack at sp + 5 slots: 
[error occurred during error reporting (inspecting top of stack), id 0xc0000005, EXCEPTION_ACCESS_VIOLATION (0xc0000005) at pc=0x00007ffa81c7e2b1]
stack at sp + 6 slots: 0x00007ffa81e94f69 jvm.dll
stack at sp + 7 slots: 0x0000000000000001 is an unknown value


---------------  P R O C E S S  ---------------

Threads class SMR info:
_java_thread_list=0x0000023cf38a20b0, length=41, elements={
0x0000023ca8f37450, 0x0000023ca8f39eb0, 0x0000023ca8f3de40, 0x0000023ca8f3ed20,
0x0000023ca8f44800, 0x0000023ca8f48880, 0x0000023ca8f4e000, 0x0000023ca96f5c30,
0x0000023ca8f050e0, 0x0000023cef1ab9f0, 0x0000023cef1ac050, 0x0000023cf2cb3cd0,
0x0000023cef3eb0f0, 0x0000023cf22da040, 0x0000023cf22d8c90, 0x0000023cf22d6bc0,
0x0000023cf22d9320, 0x0000023cf22d7f70, 0x0000023cf22d8600, 0x0000023cf22d7250,
0x0000023cf26ac5b0, 0x0000023cf26acc40, 0x0000023cf26ab200, 0x0000023cf26ab890,
0x0000023cf26ad960, 0x0000023cf26ad2d0, 0x0000023cf26abf20, 0x0000023cf26aa4e0,
0x0000023cf26adff0, 0x0000023cf26aab70, 0x0000023cf26afa30, 0x0000023cf26aed10,
0x0000023cf26b1470, 0x0000023cf26b00c0, 0x0000023cf26b0750, 0x0000023cf26b0de0,
0x0000023cf124bcf0, 0x0000023cf124afd0, 0x0000023cf124d0a0, 0x0000023cf124ca10,
0x0000023cf124b660
}

Java Threads: ( => current thread )
  0x0000023ca8f37450 JavaThread "Reference Handler"          daemon [_thread_blocked, id=1520, stack(0x000000dcb2d00000,0x000000dcb2e00000) (1024K)]
  0x0000023ca8f39eb0 JavaThread "Finalizer"                  daemon [_thread_blocked, id=19372, stack(0x000000dcb2e00000,0x000000dcb2f00000) (1024K)]
  0x0000023ca8f3de40 JavaThread "Signal Dispatcher"          daemon [_thread_blocked, id=15364, stack(0x000000dcb2f00000,0x000000dcb3000000) (1024K)]
  0x0000023ca8f3ed20 JavaThread "Attach Listener"            daemon [_thread_blocked, id=17356, stack(0x000000dcb3000000,0x000000dcb3100000) (1024K)]
  0x0000023ca8f44800 JavaThread "Service Thread"             daemon [_thread_blocked, id=1364, stack(0x000000dcb3100000,0x000000dcb3200000) (1024K)]
  0x0000023ca8f48880 JavaThread "Monitor Deflation Thread"   daemon [_thread_blocked, id=10728, stack(0x000000dcb3200000,0x000000dcb3300000) (1024K)]
  0x0000023ca8f4e000 JavaThread "C2 CompilerThread0"         daemon [_thread_blocked, id=4480, stack(0x000000dcb3300000,0x000000dcb3400000) (1024K)]
  0x0000023ca96f5c30 JavaThread "C1 CompilerThread0"         daemon [_thread_blocked, id=8784, stack(0x000000dcb3400000,0x000000dcb3500000) (1024K)]
  0x0000023ca8f050e0 JavaThread "Common-Cleaner"             daemon [_thread_blocked, id=14852, stack(0x000000dcb3500000,0x000000dcb3600000) (1024K)]
  0x0000023cef1ab9f0 JavaThread "Monitor Ctrl-Break"         daemon [_thread_in_native, id=7560, stack(0x000000dcb3700000,0x000000dcb3800000) (1024K)]
  0x0000023cef1ac050 JavaThread "Notification Thread"        daemon [_thread_blocked, id=7792, stack(0x000000dcb3800000,0x000000dcb3900000) (1024K)]
  0x0000023cf2cb3cd0 JavaThread "mysql-cj-abandoned-connection-cleanup" daemon [_thread_blocked, id=5688, stack(0x000000dcb4200000,0x000000dcb4300000) (1024K)]
  0x0000023cef3eb0f0 JavaThread "HikariPool-1 housekeeper"   daemon [_thread_blocked, id=10024, stack(0x000000dcb4400000,0x000000dcb4500000) (1024K)]
  0x0000023cf22da040 JavaThread "Catalina-utility-1"                [_thread_blocked, id=10168, stack(0x000000dcb4600000,0x000000dcb4700000) (1024K)]
  0x0000023cf22d8c90 JavaThread "Catalina-utility-2"                [_thread_blocked, id=16084, stack(0x000000dcb4700000,0x000000dcb4800000) (1024K)]
  0x0000023cf22d6bc0 JavaThread "container-0"                       [_thread_blocked, id=18124, stack(0x000000dcb4800000,0x000000dcb4900000) (1024K)]
  0x0000023cf22d9320 JavaThread "HttpClient-1-SelectorManager" daemon [_thread_in_native, id=9240, stack(0x000000dcb4500000,0x000000dcb4600000) (1024K)]
  0x0000023cf22d7f70 JavaThread "HttpClient-2-SelectorManager" daemon [_thread_in_native, id=13488, stack(0x000000dcb4900000,0x000000dcb4a00000) (1024K)]
  0x0000023cf22d8600 JavaThread "HttpClient-3-SelectorManager" daemon [_thread_in_native, id=6704, stack(0x000000dcb4a00000,0x000000dcb4b00000) (1024K)]
  0x0000023cf22d7250 JavaThread "HttpClient-4-SelectorManager" daemon [_thread_in_native, id=17004, stack(0x000000dcb4b00000,0x000000dcb4c00000) (1024K)]
  0x0000023cf26ac5b0 JavaThread "Thread-1"                          [_thread_blocked, id=9304, stack(0x000000dcb4c00000,0x000000dcb4d00000) (1024K)]
  0x0000023cf26acc40 JavaThread "http-nio-0.0.0.0-8090-exec-1" daemon [_thread_blocked, id=144, stack(0x000000dcb4d00000,0x000000dcb4e00000) (1024K)]
  0x0000023cf26ab200 JavaThread "http-nio-0.0.0.0-8090-exec-2" daemon [_thread_blocked, id=15964, stack(0x000000dcb4e00000,0x000000dcb4f00000) (1024K)]
  0x0000023cf26ab890 JavaThread "http-nio-0.0.0.0-8090-exec-3" daemon [_thread_blocked, id=6080, stack(0x000000dcb4f00000,0x000000dcb5000000) (1024K)]
  0x0000023cf26ad960 JavaThread "http-nio-0.0.0.0-8090-exec-4" daemon [_thread_blocked, id=4144, stack(0x000000dcb5000000,0x000000dcb5100000) (1024K)]
  0x0000023cf26ad2d0 JavaThread "http-nio-0.0.0.0-8090-exec-5" daemon [_thread_blocked, id=15592, stack(0x000000dcb5100000,0x000000dcb5200000) (1024K)]
  0x0000023cf26abf20 JavaThread "http-nio-0.0.0.0-8090-exec-6" daemon [_thread_blocked, id=868, stack(0x000000dcb5200000,0x000000dcb5300000) (1024K)]
  0x0000023cf26aa4e0 JavaThread "http-nio-0.0.0.0-8090-exec-7" daemon [_thread_blocked, id=12272, stack(0x000000dcb5300000,0x000000dcb5400000) (1024K)]
  0x0000023cf26adff0 JavaThread "http-nio-0.0.0.0-8090-exec-8" daemon [_thread_blocked, id=14804, stack(0x000000dcb5400000,0x000000dcb5500000) (1024K)]
  0x0000023cf26aab70 JavaThread "http-nio-0.0.0.0-8090-exec-9" daemon [_thread_blocked, id=16988, stack(0x000000dcb5500000,0x000000dcb5600000) (1024K)]
  0x0000023cf26afa30 JavaThread "http-nio-0.0.0.0-8090-exec-10" daemon [_thread_blocked, id=5788, stack(0x000000dcb5600000,0x000000dcb5700000) (1024K)]
  0x0000023cf26aed10 JavaThread "http-nio-0.0.0.0-8090-Poller" daemon [_thread_in_native, id=9108, stack(0x000000dcb5700000,0x000000dcb5800000) (1024K)]
  0x0000023cf26b1470 JavaThread "http-nio-0.0.0.0-8090-Acceptor" daemon [_thread_in_native, id=1244, stack(0x000000dcb5800000,0x000000dcb5900000) (1024K)]
  0x0000023cf26b00c0 JavaThread "ccadmin-scheduler-1"               [_thread_blocked, id=14096, stack(0x000000dcb3600000,0x000000dcb3700000) (1024K)]
  0x0000023cf26b0750 JavaThread "DestroyJavaVM"                     [_thread_blocked, id=14632, stack(0x000000dcb2500000,0x000000dcb2600000) (1024K)]
  0x0000023cf26b0de0 JavaThread "ccadmin-scheduler-2"               [_thread_blocked, id=2272, stack(0x000000dcb5900000,0x000000dcb5a00000) (1024K)]
  0x0000023cf124bcf0 JavaThread "Read-Poller"                daemon [_thread_in_native, id=1040, stack(0x000000dcb5c00000,0x000000dcb5d00000) (1024K)]
  0x0000023cf124afd0 JavaThread "Read-Updater"               daemon [_thread_blocked, id=4496, stack(0x000000dcb5d00000,0x000000dcb5e00000) (1024K)]
  0x0000023cf124d0a0 JavaThread "Write-Poller"               daemon [_thread_in_native, id=5900, stack(0x000000dcb5e00000,0x000000dcb5f00000) (1024K)]
  0x0000023cf124ca10 JavaThread "Write-Updater"              daemon [_thread_blocked, id=7904, stack(0x000000dcb5f00000,0x000000dcb6000000) (1024K)]
  0x0000023cf124b660 JavaThread "VirtualThread-unparker"     daemon [_thread_blocked, id=18108, stack(0x000000dcb6000000,0x000000dcb6100000) (1024K)]
Total: 41

Other Threads:
  0x0000023ca8f19180 VMThread "VM Thread"                           [id=6628, stack(0x000000dcb2c00000,0x000000dcb2d00000) (1024K)]
  0x0000023ca8f04660 WatcherThread "VM Periodic Task Thread"        [id=12196, stack(0x000000dcb2b00000,0x000000dcb2c00000) (1024K)]
  0x0000023c88758cc0 WorkerThread "GC Thread#0"                     [id=13516, stack(0x000000dcb2600000,0x000000dcb2700000) (1024K)]
  0x0000023ca8f186a0 WorkerThread "GC Thread#1"                     [id=6968, stack(0x000000dcb3900000,0x000000dcb3a00000) (1024K)]
  0x0000023ca8f198c0 WorkerThread "GC Thread#2"                     [id=16880, stack(0x000000dcb3a00000,0x000000dcb3b00000) (1024K)]
=>0x0000023ca8f18a40 WorkerThread "GC Thread#3"                     [id=12200, stack(0x000000dcb3b00000,0x000000dcb3c00000) (1024K)]
  0x0000023ca8f18de0 WorkerThread "GC Thread#4"                     [id=9300, stack(0x000000dcb3c00000,0x000000dcb3d00000) (1024K)]
  0x0000023ca8f18300 WorkerThread "GC Thread#5"                     [id=9984, stack(0x000000dcb3d00000,0x000000dcb3e00000) (1024K)]
  0x0000023ca8f17f60 WorkerThread "GC Thread#6"                     [id=5980, stack(0x000000dcb3f00000,0x000000dcb4000000) (1024K)]
  0x0000023ceff61180 WorkerThread "GC Thread#7"                     [id=3164, stack(0x000000dcb4000000,0x000000dcb4100000) (1024K)]
  0x0000023c8876b0c0 ConcurrentGCThread "G1 Main Marker"            [id=7768, stack(0x000000dcb2700000,0x000000dcb2800000) (1024K)]
  0x0000023c8876c360 WorkerThread "G1 Conc#0"                       [id=13672, stack(0x000000dcb2800000,0x000000dcb2900000) (1024K)]
  0x0000023ceff60a40 WorkerThread "G1 Conc#1"                       [id=10880, stack(0x000000dcb4100000,0x000000dcb4200000) (1024K)]
  0x0000023ca8dd5490 ConcurrentGCThread "G1 Refine#0"               [id=7672, stack(0x000000dcb2900000,0x000000dcb2a00000) (1024K)]
  0x0000023ca8dd5f10 ConcurrentGCThread "G1 Service"                [id=11848, stack(0x000000dcb2a00000,0x000000dcb2b00000) (1024K)]
Total: 15

Threads with active compile tasks:
C1 CompilerThread0   702242 15623   !   3       sun.net.www.protocol.jar.JarFileFactory::get (146 bytes)
Total: 1

VM state: at safepoint (normal execution)

VM Mutex/Monitor currently owned by a thread:  ([mutex/lock_event])
[0x00007ffa82780e50] Threads_lock - owner thread: 0x0000023ca8f19180
[0x00007ffa82780f50] Heap_lock - owner thread: 0x0000023cf26aa4e0

Heap address: 0x0000000702600000, size: 4058 MB, Compressed Oops mode: Zero based, Oop shift amount: 3

CDS archive(s) mapped at: [0x0000023caa000000-0x0000023caac90000-0x0000023caac90000), size 13172736, SharedBaseAddress: 0x0000023caa000000, ArchiveRelocationMode: 1.
Compressed class space mapped at: 0x0000023cab000000-0x0000023ceb000000, reserved size: 1073741824
Narrow klass base: 0x0000023caa000000, Narrow klass shift: 0, Narrow klass range: 0x100000000

GC Precious Log:
 CardTable entry size: 512
 Card Set container configuration: InlinePtr #cards 4 size 8 Array Of Cards #cards 16 size 48 Howl #buckets 8 coarsen threshold 3686 Howl Bitmap #cards 512 size 80 coarsen threshold 460 Card regions per heap region 1 cards per card region 4096
 CPUs: 8 total, 8 available
 Memory: 16226M
 Large Page Support: Disabled
 NUMA Support: Disabled
 Compressed Oops: Enabled (Zero based)
 Heap Region Size: 2M
 Heap Min Capacity: 8M
 Heap Initial Capacity: 254M
 Heap Max Capacity: 4058M
 Pre-touch: Disabled
 Parallel Workers: 8
 Concurrent Workers: 2
 Concurrent Refinement Workers: 8
 Periodic GC: Disabled

Heap:
 garbage-first heap   total 137216K, used 119586K [0x0000000702600000, 0x0000000800000000)
  region size 2048K, 25 young (51200K), 3 survivors (6144K)
 Metaspace       used 95619K, committed 96768K, reserved 1179648K
  class space    used 12067K, committed 12608K, reserved 1048576K

Heap Regions: E=young(eden), S=young(survivor), O=old, HS=humongous(starts), HC=humongous(continues), CS=collection set, F=free, TAMS=top-at-mark-start, PB=parsable bottom
|   0|0x0000000702600000, 0x0000000702800000, 0x0000000702800000|100%| O|  |TAMS 0x0000000702600000| PB 0x0000000702600000| Untracked 
|   1|0x0000000702800000, 0x0000000702a00000, 0x0000000702a00000|100%| O|  |TAMS 0x0000000702800000| PB 0x0000000702800000| Untracked 
|   2|0x0000000702a00000, 0x0000000702c00000, 0x0000000702c00000|100%| O|  |TAMS 0x0000000702a00000| PB 0x0000000702a00000| Untracked 
|   3|0x0000000702c00000, 0x0000000702e00000, 0x0000000702e00000|100%| O|  |TAMS 0x0000000702c00000| PB 0x0000000702c00000| Untracked 
|   4|0x0000000702e00000, 0x0000000703000000, 0x0000000703000000|100%| O|  |TAMS 0x0000000702e00000| PB 0x0000000702e00000| Untracked 
|   5|0x0000000703000000, 0x0000000703200000, 0x0000000703200000|100%| O|  |TAMS 0x0000000703000000| PB 0x0000000703000000| Untracked 
|   6|0x0000000703200000, 0x0000000703400000, 0x0000000703400000|100%| O|  |TAMS 0x0000000703200000| PB 0x0000000703200000| Untracked 
|   7|0x0000000703400000, 0x0000000703600000, 0x0000000703600000|100%| O|CS|TAMS 0x0000000703400000| PB 0x0000000703400000| Complete 
|   8|0x0000000703600000, 0x0000000703800000, 0x0000000703800000|100%| O|  |TAMS 0x0000000703600000| PB 0x0000000703600000| Untracked 
|   9|0x0000000703800000, 0x0000000703a00000, 0x0000000703a00000|100%| O|  |TAMS 0x0000000703800000| PB 0x0000000703800000| Untracked 
|  10|0x0000000703a00000, 0x0000000703c00000, 0x0000000703c00000|100%| O|  |TAMS 0x0000000703a00000| PB 0x0000000703a00000| Untracked 
|  11|0x0000000703c00000, 0x0000000703e00000, 0x0000000703e00000|100%| O|  |TAMS 0x0000000703c00000| PB 0x0000000703c00000| Untracked 
|  12|0x0000000703e00000, 0x0000000704000000, 0x0000000704000000|100%| O|  |TAMS 0x0000000703e00000| PB 0x0000000703e00000| Untracked 
|  13|0x0000000704000000, 0x0000000704200000, 0x0000000704200000|100%| O|  |TAMS 0x0000000704000000| PB 0x0000000704000000| Untracked 
|  14|0x0000000704200000, 0x0000000704400000, 0x0000000704400000|100%| O|  |TAMS 0x0000000704200000| PB 0x0000000704200000| Untracked 
|  15|0x0000000704400000, 0x0000000704600000, 0x0000000704600000|100%| O|  |TAMS 0x0000000704400000| PB 0x0000000704400000| Untracked 
|  16|0x0000000704600000, 0x0000000704800000, 0x0000000704800000|100%| O|  |TAMS 0x0000000704600000| PB 0x0000000704600000| Untracked 
|  17|0x0000000704800000, 0x0000000704a00000, 0x0000000704a00000|100%| O|  |TAMS 0x0000000704800000| PB 0x0000000704800000| Untracked 
|  18|0x0000000704a00000, 0x0000000704c00000, 0x0000000704c00000|100%| O|  |TAMS 0x0000000704a00000| PB 0x0000000704a00000| Untracked 
|  19|0x0000000704c00000, 0x0000000704e00000, 0x0000000704e00000|100%| O|  |TAMS 0x0000000704c00000| PB 0x0000000704c00000| Untracked 
|  20|0x0000000704e00000, 0x0000000705000000, 0x0000000705000000|100%| O|  |TAMS 0x0000000704e00000| PB 0x0000000704e00000| Untracked 
|  21|0x0000000705000000, 0x0000000705200000, 0x0000000705200000|100%| O|  |TAMS 0x0000000705000000| PB 0x0000000705000000| Untracked 
|  22|0x0000000705200000, 0x0000000705400000, 0x0000000705400000|100%| O|  |TAMS 0x0000000705200000| PB 0x0000000705200000| Untracked 
|  23|0x0000000705400000, 0x0000000705600000, 0x0000000705600000|100%| O|  |TAMS 0x0000000705400000| PB 0x0000000705400000| Untracked 
|  24|0x0000000705600000, 0x0000000705800000, 0x0000000705800000|100%| O|  |TAMS 0x0000000705600000| PB 0x0000000705600000| Untracked 
|  25|0x0000000705800000, 0x0000000705a00000, 0x0000000705a00000|100%| O|  |TAMS 0x0000000705800000| PB 0x0000000705800000| Untracked 
|  26|0x0000000705a00000, 0x0000000705c00000, 0x0000000705c00000|100%| O|  |TAMS 0x0000000705a00000| PB 0x0000000705a00000| Untracked 
|  27|0x0000000705c00000, 0x0000000705e00000, 0x0000000705e00000|100%| O|  |TAMS 0x0000000705c00000| PB 0x0000000705c00000| Untracked 
|  28|0x0000000705e00000, 0x0000000706000000, 0x0000000706000000|100%| O|CS|TAMS 0x0000000705e00000| PB 0x0000000705e00000| Complete 
|  29|0x0000000706000000, 0x0000000706200000, 0x0000000706200000|100%| O|  |TAMS 0x0000000706000000| PB 0x0000000706000000| Untracked 
|  30|0x0000000706200000, 0x0000000706400000, 0x0000000706400000|100%| O|  |TAMS 0x0000000706200000| PB 0x0000000706200000| Untracked 
|  31|0x0000000706400000, 0x0000000706600000, 0x0000000706600000|100%| O|  |TAMS 0x0000000706400000| PB 0x0000000706400000| Untracked 
|  32|0x0000000706600000, 0x0000000706800000, 0x0000000706800000|100%| O|  |TAMS 0x0000000706600000| PB 0x0000000706600000| Untracked 
|  33|0x0000000706800000, 0x0000000706a00000, 0x0000000706a00000|100%| O|  |TAMS 0x0000000706800000| PB 0x0000000706800000| Untracked 
|  34|0x0000000706a00000, 0x0000000706c00000, 0x0000000706c00000|100%| O|  |TAMS 0x0000000706a00000| PB 0x0000000706a00000| Untracked 
|  35|0x0000000706c00000, 0x0000000706e00000, 0x0000000706e00000|100%| O|  |TAMS 0x0000000706c00000| PB 0x0000000706c00000| Untracked 
|  36|0x0000000706e00000, 0x0000000706ef5af0, 0x0000000707000000| 47%| E|CS|TAMS 0x0000000706e00000| PB 0x0000000706e00000| Complete 
|  37|0x0000000707000000, 0x0000000707200000, 0x0000000707200000|100%| E|CS|TAMS 0x0000000707000000| PB 0x0000000707000000| Complete 
|  38|0x0000000707200000, 0x0000000707213a18, 0x0000000707400000|  3%| O|  |TAMS 0x0000000707200000| PB 0x0000000707200000| Untracked 
|  39|0x0000000707400000, 0x0000000707400000, 0x0000000707600000|  0%| F|  |TAMS 0x0000000707400000| PB 0x0000000707400000| Untracked 
|  40|0x0000000707600000, 0x000000070778a4c0, 0x0000000707800000| 77%| S|  |TAMS 0x0000000707600000| PB 0x0000000707600000| Complete 
|  41|0x0000000707800000, 0x0000000707a00000, 0x0000000707a00000|100%| S|  |TAMS 0x0000000707800000| PB 0x0000000707800000| Complete 
|  42|0x0000000707a00000, 0x0000000707c00000, 0x0000000707c00000|100%| E|CS|TAMS 0x0000000707a00000| PB 0x0000000707a00000| Complete 
|  43|0x0000000707c00000, 0x0000000707e00000, 0x0000000707e00000|100%| E|CS|TAMS 0x0000000707c00000| PB 0x0000000707c00000| Complete 
|  44|0x0000000707e00000, 0x0000000708000000, 0x0000000708000000|100%| S|  |TAMS 0x0000000707e00000| PB 0x0000000707e00000| Complete 
|  45|0x0000000708000000, 0x0000000708200000, 0x0000000708200000|100%| E|CS|TAMS 0x0000000708000000| PB 0x0000000708000000| Complete 
|  46|0x0000000708200000, 0x0000000708400000, 0x0000000708400000|100%| E|CS|TAMS 0x0000000708200000| PB 0x0000000708200000| Complete 
|  47|0x0000000708400000, 0x0000000708600000, 0x0000000708600000|100%| E|CS|TAMS 0x0000000708400000| PB 0x0000000708400000| Complete 
|  48|0x0000000708600000, 0x0000000708800000, 0x0000000708800000|100%| E|CS|TAMS 0x0000000708600000| PB 0x0000000708600000| Complete 
|  49|0x0000000708800000, 0x0000000708a00000, 0x0000000708a00000|100%| E|CS|TAMS 0x0000000708800000| PB 0x0000000708800000| Complete 
|  50|0x0000000708a00000, 0x0000000708c00000, 0x0000000708c00000|100%| E|CS|TAMS 0x0000000708a00000| PB 0x0000000708a00000| Complete 
|  51|0x0000000708c00000, 0x0000000708e00000, 0x0000000708e00000|100%| E|CS|TAMS 0x0000000708c00000| PB 0x0000000708c00000| Complete 
|  52|0x0000000708e00000, 0x0000000709000000, 0x0000000709000000|100%| E|CS|TAMS 0x0000000708e00000| PB 0x0000000708e00000| Complete 
|  53|0x0000000709000000, 0x0000000709200000, 0x0000000709200000|100%| E|CS|TAMS 0x0000000709000000| PB 0x0000000709000000| Complete 
|  54|0x0000000709200000, 0x0000000709400000, 0x0000000709400000|100%| E|CS|TAMS 0x0000000709200000| PB 0x0000000709200000| Complete 
|  55|0x0000000709400000, 0x0000000709600000, 0x0000000709600000|100%| E|CS|TAMS 0x0000000709400000| PB 0x0000000709400000| Complete 
|  56|0x0000000709600000, 0x0000000709800000, 0x0000000709800000|100%| E|CS|TAMS 0x0000000709600000| PB 0x0000000709600000| Complete 
|  57|0x0000000709800000, 0x0000000709a00000, 0x0000000709a00000|100%| E|CS|TAMS 0x0000000709800000| PB 0x0000000709800000| Complete 
|  58|0x0000000709a00000, 0x0000000709c00000, 0x0000000709c00000|100%| E|CS|TAMS 0x0000000709a00000| PB 0x0000000709a00000| Complete 
|  59|0x0000000709c00000, 0x0000000709e00000, 0x0000000709e00000|100%| E|CS|TAMS 0x0000000709c00000| PB 0x0000000709c00000| Complete 
|  60|0x0000000709e00000, 0x000000070a000000, 0x000000070a000000|100%| E|CS|TAMS 0x0000000709e00000| PB 0x0000000709e00000| Complete 
|  89|0x000000070d800000, 0x000000070da00000, 0x000000070da00000|100%| E|CS|TAMS 0x000000070d800000| PB 0x000000070d800000| Complete 
|  90|0x000000070da00000, 0x000000070dc00000, 0x000000070dc00000|100%| E|CS|TAMS 0x000000070da00000| PB 0x000000070da00000| Complete 
|  91|0x000000070dc00000, 0x000000070de00000, 0x000000070de00000|100%| E|CS|TAMS 0x000000070dc00000| PB 0x000000070dc00000| Complete 
|  92|0x000000070de00000, 0x000000070e000000, 0x000000070e000000|100%| E|CS|TAMS 0x000000070de00000| PB 0x000000070de00000| Complete 
|  93|0x000000070e000000, 0x000000070e200000, 0x000000070e200000|100%| E|CS|TAMS 0x000000070e000000| PB 0x000000070e000000| Complete 
| 126|0x0000000712200000, 0x0000000712400000, 0x0000000712400000|100%| E|CS|TAMS 0x0000000712200000| PB 0x0000000712200000| Complete 

Card table byte_map: [0x0000023ca23d0000,0x0000023ca2bc0000] _byte_map_base: 0x0000023c9ebbd000

Marking Bits: (CMBitMap*) 0x0000023c887593c0
 Bits: [0x0000023ca2bc0000, 0x0000023ca6b28000)

Polling page: 0x0000023c883c0000

Metaspace:

Usage:
  Non-class:     81.59 MB used.
      Class:     11.78 MB used.
       Both:     93.38 MB used.

Virtual space:
  Non-class space:      128.00 MB reserved,      82.19 MB ( 64%) committed,  2 nodes.
      Class space:        1.00 GB reserved,      12.31 MB (  1%) committed,  1 nodes.
             Both:        1.12 GB reserved,      94.50 MB (  8%) committed. 

Chunk freelists:
   Non-Class:  13.11 MB
       Class:  3.71 MB
        Both:  16.82 MB

MaxMetaspaceSize: unlimited
CompressedClassSpaceSize: 1.00 GB
Initial GC threshold: 21.00 MB
Current GC threshold: 139.50 MB
CDS: on
 - commit_granule_bytes: 65536.
 - commit_granule_words: 8192.
 - virtual_space_node_default_size: 8388608.
 - enlarge_chunks_in_place: 1.
 - use_allocation_guard: 0.


Internal statistics:

num_allocs_failed_limit: 9.
num_arena_births: 1864.
num_arena_deaths: 0.
num_vsnodes_births: 3.
num_vsnodes_deaths: 0.
num_space_committed: 1512.
num_space_uncommitted: 0.
num_chunks_returned_to_freelist: 9.
num_chunks_taken_from_freelist: 5641.
num_chunk_merges: 9.
num_chunk_splits: 3795.
num_chunks_enlarged: 2687.
num_inconsistent_stats: 0.

CodeHeap 'non-profiled nmethods': size=120000Kb used=9609Kb max_used=9609Kb free=110390Kb
 bounds [0x0000023c99c40000, 0x0000023c9a5b0000, 0x0000023ca1170000]
CodeHeap 'profiled nmethods': size=120000Kb used=26870Kb max_used=26870Kb free=93129Kb
 bounds [0x0000023c92170000, 0x0000023c93bb0000, 0x0000023c996a0000]
CodeHeap 'non-nmethods': size=5760Kb used=1784Kb max_used=1876Kb free=3975Kb
 bounds [0x0000023c996a0000, 0x0000023c99910000, 0x0000023c99c40000]
 total_blobs=14167 nmethods=13378 adapters=689
 compilation: enabled
              stopped_count=0, restarted_count=0
 full_count=0

Compilation events (20 events):
Event: 698.164 Thread 0x0000023ca96f5c30 15615       3       com.mysql.cj.util.StringUtils::startsWithIgnoreCaseAndWs (49 bytes)
Event: 698.165 Thread 0x0000023ca96f5c30 nmethod 15615 0x0000023c93ba9d10 code [0x0000023c93ba9f80, 0x0000023c93baa9c0]
Event: 698.167 Thread 0x0000023ca96f5c30 15616       3       org.apache.tomcat.util.net.NioChannel::write (13 bytes)
Event: 698.168 Thread 0x0000023ca96f5c30 nmethod 15616 0x0000023c93baad90 code [0x0000023c93baafa0, 0x0000023c93bab488]
Event: 698.168 Thread 0x0000023ca96f5c30 15617       3       org.apache.tomcat.util.net.NioChannel::checkInterruptStatus (23 bytes)
Event: 698.169 Thread 0x0000023ca96f5c30 nmethod 15617 0x0000023c93bab690 code [0x0000023c93bab880, 0x0000023c93babc20]
Event: 698.179 Thread 0x0000023ca8f4e000 nmethod 15607 0x0000023c9a59fb90 code [0x0000023c9a59fea0, 0x0000023c9a5a1360]
Event: 698.179 Thread 0x0000023ca8f4e000 15611       4       java.lang.StringUTF16::putChar (54 bytes)
Event: 698.180 Thread 0x0000023ca8f4e000 nmethod 15611 0x0000023c9a5a2010 code [0x0000023c9a5a21a0, 0x0000023c9a5a22a0]
Event: 698.180 Thread 0x0000023ca8f4e000 15608       4       org.hibernate.query.results.DomainResultCreationStateImpl::getSqlAstCreationState (5 bytes)
Event: 698.180 Thread 0x0000023ca8f4e000 nmethod 15608 0x0000023c9a5a2390 code [0x0000023c9a5a2520, 0x0000023c9a5a25a8]
Event: 702.120 Thread 0x0000023ca96f5c30 15618       3       org.springframework.util.LinkedCaseInsensitiveMap::<init> (48 bytes)
Event: 702.121 Thread 0x0000023ca96f5c30 nmethod 15618 0x0000023c93babd90 code [0x0000023c93babfe0, 0x0000023c93bac7a0]
Event: 702.121 Thread 0x0000023ca96f5c30 15619       3       jakarta.servlet.ServletRequestWrapper::getContentType (10 bytes)
Event: 702.121 Thread 0x0000023ca96f5c30 nmethod 15619 0x0000023c93baca90 code [0x0000023c93bacc40, 0x0000023c93bace20]
Event: 702.124 Thread 0x0000023ca96f5c30 15620       3       com.fasterxml.jackson.core.sym.ByteQuadsCanonicalizer::calcHash (29 bytes)
Event: 702.125 Thread 0x0000023ca96f5c30 nmethod 15620 0x0000023c93bacf10 code [0x0000023c93bad0a0, 0x0000023c93bad1d0]
Event: 702.126 Thread 0x0000023ca96f5c30 15621       3       org.apache.catalina.loader.WebappClassLoaderBase$CombinedEnumeration::nextElement (5 bytes)
Event: 702.126 Thread 0x0000023ca96f5c30 nmethod 15621 0x0000023c93bad290 code [0x0000023c93bad480, 0x0000023c93bad938]
Event: 702.126 Thread 0x0000023ca96f5c30 15623   !   3       sun.net.www.protocol.jar.JarFileFactory::get (146 bytes)

GC Heap History (20 events):
Event: 17.658 GC heap after
{Heap after GC invocations=33 (full 0):
 garbage-first heap   total 108544K, used 55267K [0x0000000702600000, 0x0000000800000000)
  region size 2048K, 2 young (4096K), 2 survivors (4096K)
 Metaspace       used 73183K, committed 73984K, reserved 1114112K
  class space    used 9243K, committed 9600K, reserved 1048576K
}
Event: 17.971 GC heap before
{Heap before GC invocations=33 (full 0):
 garbage-first heap   total 108544K, used 94179K [0x0000000702600000, 0x0000000800000000)
  region size 2048K, 21 young (43008K), 2 survivors (4096K)
 Metaspace       used 73446K, committed 74240K, reserved 1114112K
  class space    used 9257K, committed 9600K, reserved 1048576K
}
Event: 17.977 GC heap after
{Heap after GC invocations=34 (full 0):
 garbage-first heap   total 108544K, used 56660K [0x0000000702600000, 0x0000000800000000)
  region size 2048K, 2 young (4096K), 2 survivors (4096K)
 Metaspace       used 73446K, committed 74240K, reserved 1114112K
  class space    used 9257K, committed 9600K, reserved 1048576K
}
Event: 18.275 GC heap before
{Heap before GC invocations=34 (full 0):
 garbage-first heap   total 108544K, used 93524K [0x0000000702600000, 0x0000000800000000)
  region size 2048K, 20 young (40960K), 2 survivors (4096K)
 Metaspace       used 73719K, committed 74496K, reserved 1114112K
  class space    used 9275K, committed 9600K, reserved 1048576K
}
Event: 18.278 GC heap after
{Heap after GC invocations=35 (full 0):
 garbage-first heap   total 108544K, used 58084K [0x0000000702600000, 0x0000000800000000)
  region size 2048K, 3 young (6144K), 3 survivors (6144K)
 Metaspace       used 73719K, committed 74496K, reserved 1114112K
  class space    used 9275K, committed 9600K, reserved 1048576K
}
Event: 18.804 GC heap before
{Heap before GC invocations=36 (full 0):
 garbage-first heap   total 108544K, used 90852K [0x0000000702600000, 0x0000000800000000)
  region size 2048K, 19 young (38912K), 3 survivors (6144K)
 Metaspace       used 74628K, committed 75392K, reserved 1179648K
  class space    used 9376K, committed 9728K, reserved 1048576K
}
Event: 18.810 GC heap after
{Heap after GC invocations=37 (full 0):
 garbage-first heap   total 108544K, used 59919K [0x0000000702600000, 0x0000000800000000)
  region size 2048K, 3 young (6144K), 3 survivors (6144K)
 Metaspace       used 74628K, committed 75392K, reserved 1179648K
  class space    used 9376K, committed 9728K, reserved 1048576K
}
Event: 19.014 GC heap before
{Heap before GC invocations=37 (full 0):
 garbage-first heap   total 108544K, used 92687K [0x0000000702600000, 0x0000000800000000)
  region size 2048K, 19 young (38912K), 3 survivors (6144K)
 Metaspace       used 75020K, committed 75840K, reserved 1179648K
  class space    used 9410K, committed 9792K, reserved 1048576K
}
Event: 19.024 GC heap after
{Heap after GC invocations=38 (full 0):
 garbage-first heap   total 108544K, used 60761K [0x0000000702600000, 0x0000000800000000)
  region size 2048K, 3 young (6144K), 3 survivors (6144K)
 Metaspace       used 75020K, committed 75840K, reserved 1179648K
  class space    used 9410K, committed 9792K, reserved 1048576K
}
Event: 19.209 GC heap before
{Heap before GC invocations=38 (full 0):
 garbage-first heap   total 108544K, used 91481K [0x0000000702600000, 0x0000000800000000)
  region size 2048K, 18 young (36864K), 3 survivors (6144K)
 Metaspace       used 75250K, committed 76032K, reserved 1179648K
  class space    used 9424K, committed 9792K, reserved 1048576K
}
Event: 19.214 GC heap after
{Heap after GC invocations=39 (full 0):
 garbage-first heap   total 131072K, used 62140K [0x0000000702600000, 0x0000000800000000)
  region size 2048K, 3 young (6144K), 3 survivors (6144K)
 Metaspace       used 75250K, committed 76032K, reserved 1179648K
  class space    used 9424K, committed 9792K, reserved 1048576K
}
Event: 19.622 GC heap before
{Heap before GC invocations=40 (full 0):
 garbage-first heap   total 137216K, used 113340K [0x0000000702600000, 0x0000000800000000)
  region size 2048K, 28 young (57344K), 3 survivors (6144K)
 Metaspace       used 75939K, committed 76800K, reserved 1179648K
  class space    used 9481K, committed 9856K, reserved 1048576K
}
Event: 19.627 GC heap after
{Heap after GC invocations=41 (full 0):
 garbage-first heap   total 137216K, used 64476K [0x0000000702600000, 0x0000000800000000)
  region size 2048K, 4 young (8192K), 4 survivors (8192K)
 Metaspace       used 75939K, committed 76800K, reserved 1179648K
  class space    used 9481K, committed 9856K, reserved 1048576K
}
Event: 20.592 GC heap before
{Heap before GC invocations=41 (full 0):
 garbage-first heap   total 137216K, used 117724K [0x0000000702600000, 0x0000000800000000)
  region size 2048K, 30 young (61440K), 4 survivors (8192K)
 Metaspace       used 78506K, committed 79424K, reserved 1179648K
  class space    used 9806K, committed 10240K, reserved 1048576K
}
Event: 20.600 GC heap after
{Heap after GC invocations=42 (full 0):
 garbage-first heap   total 137216K, used 67419K [0x0000000702600000, 0x0000000800000000)
  region size 2048K, 4 young (8192K), 4 survivors (8192K)
 Metaspace       used 78506K, committed 79424K, reserved 1179648K
  class space    used 9806K, committed 10240K, reserved 1048576K
}
Event: 74.769 GC heap before
{Heap before GC invocations=42 (full 0):
 garbage-first heap   total 137216K, used 118619K [0x0000000702600000, 0x0000000800000000)
  region size 2048K, 29 young (59392K), 4 survivors (8192K)
 Metaspace       used 83876K, committed 84864K, reserved 1179648K
  class space    used 10540K, committed 11008K, reserved 1048576K
}
Event: 74.777 GC heap after
{Heap after GC invocations=43 (full 0):
 garbage-first heap   total 137216K, used 71340K [0x0000000702600000, 0x0000000800000000)
  region size 2048K, 4 young (8192K), 4 survivors (8192K)
 Metaspace       used 83876K, committed 84864K, reserved 1179648K
  class space    used 10540K, committed 11008K, reserved 1048576K
}
Event: 82.289 GC heap before
{Heap before GC invocations=44 (full 0):
 garbage-first heap   total 137216K, used 116396K [0x0000000702600000, 0x0000000800000000)
  region size 2048K, 27 young (55296K), 4 survivors (8192K)
 Metaspace       used 91744K, committed 92800K, reserved 1179648K
  class space    used 11709K, committed 12224K, reserved 1048576K
}
Event: 82.297 GC heap after
{Heap after GC invocations=45 (full 0):
 garbage-first heap   total 137216K, used 74530K [0x0000000702600000, 0x0000000800000000)
  region size 2048K, 4 young (8192K), 4 survivors (8192K)
 Metaspace       used 91744K, committed 92800K, reserved 1179648K
  class space    used 11709K, committed 12224K, reserved 1048576K
}
Event: 702.127 GC heap before
{Heap before GC invocations=45 (full 0):
 garbage-first heap   total 137216K, used 117538K [0x0000000702600000, 0x0000000800000000)
  region size 2048K, 26 young (53248K), 4 survivors (8192K)
 Metaspace       used 95619K, committed 96768K, reserved 1179648K
  class space    used 12067K, committed 12608K, reserved 1048576K
}

Dll operation events (13 events):
Event: 0.013 Loaded shared library C:\Program Files\Java\jdk-21\bin\java.dll
Event: 0.047 Loaded shared library C:\Program Files\Java\jdk-21\bin\jsvml.dll
Event: 0.162 Loaded shared library C:\Program Files\Java\jdk-21\bin\zip.dll
Event: 0.166 Loaded shared library C:\Program Files\Java\jdk-21\bin\instrument.dll
Event: 0.172 Loaded shared library C:\Program Files\Java\jdk-21\bin\net.dll
Event: 0.175 Loaded shared library C:\Program Files\Java\jdk-21\bin\nio.dll
Event: 0.178 Loaded shared library C:\Program Files\Java\jdk-21\bin\zip.dll
Event: 0.277 Loaded shared library C:\Program Files\Java\jdk-21\bin\extnet.dll
Event: 0.308 Loaded shared library C:\Program Files\Java\jdk-21\bin\jimage.dll
Event: 1.741 Loaded shared library C:\Program Files\Java\jdk-21\bin\sunmscapi.dll
Event: 7.041 Loaded shared library C:\Program Files\Java\jdk-21\bin\management.dll
Event: 7.043 Loaded shared library C:\Program Files\Java\jdk-21\bin\management_ext.dll
Event: 8.295 Loaded shared library C:\Program Files\Java\jdk-21\bin\verify.dll

Deoptimization events (20 events):
Event: 212.509 Thread 0x0000023cf26adff0 DEOPT PACKING pc=0x0000023c9a570684 sp=0x000000dcb54f85a0
Event: 212.509 Thread 0x0000023cf26adff0 DEOPT UNPACKING pc=0x0000023c996f46a2 sp=0x000000dcb54f8570 mode 2
Event: 212.509 Thread 0x0000023cf26adff0 Uncommon trap: trap_request=0xffffffd6 fr.pc=0x0000023c9a570684 relative=0x0000000000000444
Event: 212.509 Thread 0x0000023cf26adff0 Uncommon trap: reason=array_check action=maybe_recompile pc=0x0000023c9a570684 method=org.hibernate.internal.util.collections.StandardStack.push(Ljava/lang/Object;)V @ 43 c2
Event: 212.509 Thread 0x0000023cf26adff0 DEOPT PACKING pc=0x0000023c9a570684 sp=0x000000dcb54f8680
Event: 212.509 Thread 0x0000023cf26adff0 DEOPT UNPACKING pc=0x0000023c996f46a2 sp=0x000000dcb54f8650 mode 2
Event: 219.826 Thread 0x0000023cf26ad2d0 DEOPT PACKING pc=0x0000023c93709f68 sp=0x000000dcb51fbc80
Event: 219.826 Thread 0x0000023cf26ad2d0 DEOPT UNPACKING pc=0x0000023c996f4e42 sp=0x000000dcb51fb108 mode 0
Event: 224.759 Thread 0x0000023cf26aab70 Uncommon trap: trap_request=0xffffff45 fr.pc=0x0000023c9a402ccc relative=0x00000000000017cc
Event: 224.759 Thread 0x0000023cf26aab70 Uncommon trap: reason=unstable_if action=reinterpret pc=0x0000023c9a402ccc method=com.mysql.cj.util.StringInspector.indexOfNextChar(Ljava/util/Set;)I @ 515 c2
Event: 224.759 Thread 0x0000023cf26aab70 DEOPT PACKING pc=0x0000023c9a402ccc sp=0x000000dcb55f83a0
Event: 224.759 Thread 0x0000023cf26aab70 DEOPT UNPACKING pc=0x0000023c996f46a2 sp=0x000000dcb55f8328 mode 2
Event: 549.672 Thread 0x0000023cf26afa30 Uncommon trap: trap_request=0xffffff45 fr.pc=0x0000023c99e3ad38 relative=0x00000000000001f8
Event: 549.672 Thread 0x0000023cf26afa30 Uncommon trap: reason=unstable_if action=reinterpret pc=0x0000023c99e3ad38 method=java.util.concurrent.ConcurrentHashMap.addCount(JI)V @ 34 c2
Event: 549.672 Thread 0x0000023cf26afa30 DEOPT PACKING pc=0x0000023c99e3ad38 sp=0x000000dcb56fed70
Event: 549.672 Thread 0x0000023cf26afa30 DEOPT UNPACKING pc=0x0000023c996f46a2 sp=0x000000dcb56fecb0 mode 2
Event: 698.130 Thread 0x0000023cf26b1470 Uncommon trap: trap_request=0xffffff45 fr.pc=0x0000023c99dd5fe0 relative=0x00000000000011a0
Event: 698.130 Thread 0x0000023cf26b1470 Uncommon trap: reason=unstable_if action=reinterpret pc=0x0000023c99dd5fe0 method=java.util.concurrent.ConcurrentHashMap.addCount(JI)V @ 7 c2
Event: 698.130 Thread 0x0000023cf26b1470 DEOPT PACKING pc=0x0000023c99dd5fe0 sp=0x000000dcb58fee90
Event: 698.130 Thread 0x0000023cf26b1470 DEOPT UNPACKING pc=0x0000023c996f46a2 sp=0x000000dcb58fed60 mode 2

Classes loaded (20 events):
Event: 128.053 Loading class java/net/ResponseCache
Event: 128.053 Loading class java/net/ResponseCache done
Event: 128.071 Loading class sun/net/www/protocol/http/HttpURLConnection$7
Event: 128.071 Loading class sun/net/www/protocol/http/HttpURLConnection$7 done
Event: 128.071 Loading class sun/net/www/http/HttpClient
Event: 128.072 Loading class sun/net/NetworkClient
Event: 128.073 Loading class sun/net/NetworkClient done
Event: 128.073 Loading class sun/net/www/http/HttpClient done
Event: 128.073 Loading class sun/net/NetworkClient$1
Event: 128.073 Loading class sun/net/NetworkClient$1 done
Event: 128.073 Loading class sun/net/www/http/KeepAliveCache
Event: 128.073 Loading class sun/net/www/http/KeepAliveCache done
Event: 128.074 Loading class sun/net/www/http/KeepAliveKey
Event: 128.074 Loading class sun/net/www/http/KeepAliveKey done
Event: 128.074 Loading class sun/net/www/http/HttpCapture
Event: 128.074 Loading class sun/net/www/http/HttpCapture done
Event: 128.074 Loading class sun/net/www/http/HttpCapture$1
Event: 128.074 Loading class sun/net/www/http/HttpCapture$1 done
Event: 128.076 Loading class sun/net/util/SocketExceptions
Event: 128.076 Loading class sun/net/util/SocketExceptions done

Classes unloaded (0 events):
No events

Classes redefined (0 events):
No events

Internal exceptions (20 events):
Event: 82.223 Thread 0x0000023cf26ab890 Exception <a 'java/lang/NoSuchMethodError'{0x0000000707ebd2b0}: 'void java.lang.invoke.DirectMethodHandle$Holder.invokeVirtual(java.lang.Object, java.lang.Object, java.lang.Object, java.lang.Object, java.lang.Object)'> (0x0000000707ebd2b0) 
thrown [s\open\src\hotspot\share\interpreter\linkResolver.cpp, line 773]
Event: 82.428 Thread 0x0000023cf26ab200 Implicit null exception at 0x0000023c9a485373 to 0x0000023c9a485560
Event: 95.271 Thread 0x0000023cf26ab890 Exception <a 'java/lang/NoSuchMethodError'{0x000000070dc1af18}: 'void java.lang.invoke.DirectMethodHandle$Holder.invokeStatic(java.lang.Object, java.lang.Object, java.lang.Object, java.lang.Object, java.lang.Object, java.lang.Object, java.lang.Object)'> (0x000000070dc1af18) 
thrown [s\open\src\hotspot\share\interpreter\linkResolver.cpp, line 773]
Event: 101.706 Thread 0x0000023cf26ae680 Exception <a 'java/lang/NoSuchMethodError'{0x000000070dd7ac80}: 'java.lang.Object java.lang.invoke.DirectMethodHandle$Holder.newInvokeSpecial(java.lang.Object, java.lang.Object, long, java.lang.Object, java.lang.Object, java.lang.Object)'> (0x000000070dd7ac80) 
thrown [s\open\src\hotspot\share\interpreter\linkResolver.cpp, line 773]
Event: 101.707 Thread 0x0000023cf26ae680 Exception <a 'java/lang/NoSuchMethodError'{0x000000070dd82540}: 'java.lang.Object java.lang.invoke.Invokers$Holder.linkToTargetMethod(java.lang.Object, long, java.lang.Object, java.lang.Object, java.lang.Object, java.lang.Object)'> (0x000000070dd82540) 
thrown [s\open\src\hotspot\share\interpreter\linkResolver.cpp, line 773]
Event: 101.717 Thread 0x0000023cf26ab890 Exception <a 'java/lang/NoSuchMethodError'{0x000000070ddb6178}: method resolution failed> (0x000000070ddb6178) 
thrown [s\open\src\hotspot\share\prims\methodHandles.cpp, line 1144]
Event: 101.727 Thread 0x0000023cf26ab890 Exception <a 'java/lang/NoSuchMethodError'{0x000000070da19988}: 'java.lang.Object java.lang.invoke.DelegatingMethodHandle$Holder.reinvoke_L(java.lang.Object, java.lang.Object, java.lang.Object, java.lang.Object, java.lang.Object, java.lang.Object, java.lang.Object, java.lang.Object, java.lang.Object, java.lang.Object, java.lang.Object, java.lang.Object, java.lang.Object, java.lang.Object, java.lang.Object, java.lang.Object, java.lang.Object, java.lang.Object, java.lang.Object, java.lang.Object, java.lang.O
Event: 101.728 Thread 0x0000023cf26ab890 Exception <a 'java/lang/NoSuchMethodError'{0x000000070da33070}: 'java.lang.Object java.lang.invoke.DirectMethodHandle$Holder.newInvokeSpecial(java.lang.Object, int, java.lang.Object, java.lang.Object)'> (0x000000070da33070) 
thrown [s\open\src\hotspot\share\interpreter\linkResolver.cpp, line 773]
Event: 101.728 Thread 0x0000023cf26ab890 Exception <a 'java/lang/NoSuchMethodError'{0x000000070da37400}: 'java.lang.Object java.lang.invoke.DelegatingMethodHandle$Holder.reinvoke_L(java.lang.Object, int, java.lang.Object, java.lang.Object)'> (0x000000070da37400) 
thrown [s\open\src\hotspot\share\interpreter\linkResolver.cpp, line 773]
Event: 127.926 Thread 0x0000023cf26acc40 Exception <a 'java/lang/NoSuchMethodError'{0x00000007096b5778}: 'long java.lang.invoke.DirectMethodHandle$Holder.invokeStatic(java.lang.Object, java.lang.Object, java.lang.Object, long)'> (0x00000007096b5778) 
thrown [s\open\src\hotspot\share\interpreter\linkResolver.cpp, line 773]
Event: 127.926 Thread 0x0000023cf26acc40 Exception <a 'java/lang/NoSuchMethodError'{0x00000007096b9a28}: 'long java.lang.invoke.DirectMethodHandle$Holder.invokeStatic(java.lang.Object, int)'> (0x00000007096b9a28) 
thrown [s\open\src\hotspot\share\interpreter\linkResolver.cpp, line 773]
Event: 127.927 Thread 0x0000023cf26acc40 Exception <a 'java/lang/NoSuchMethodError'{0x00000007096bde10}: 'long java.lang.invoke.DirectMethodHandle$Holder.invokeSpecial(java.lang.Object, java.lang.Object, java.lang.Object, java.lang.Object, long)'> (0x00000007096bde10) 
thrown [s\open\src\hotspot\share\interpreter\linkResolver.cpp, line 773]
Event: 127.927 Thread 0x0000023cf26acc40 Exception <a 'java/lang/NoSuchMethodError'{0x00000007096c2048}: 'long java.lang.invoke.DelegatingMethodHandle$Holder.reinvoke_L(java.lang.Object, java.lang.Object, java.lang.Object, long)'> (0x00000007096c2048) 
thrown [s\open\src\hotspot\share\interpreter\linkResolver.cpp, line 773]
Event: 128.024 Thread 0x0000023cf26ac5b0 Exception <a 'java/lang/NoSuchMethodError'{0x0000000709243a40}: 'java.lang.Object java.lang.invoke.DirectMethodHandle$Holder.invokeVirtual(java.lang.Object, java.lang.Object, java.lang.Object, java.lang.Object, java.lang.Object, java.lang.Object, java.lang.Object, java.lang.Object)'> (0x0000000709243a40) 
thrown [s\open\src\hotspot\share\interpreter\linkResolver.cpp, line 773]
Event: 128.075 Thread 0x0000023cf26ac5b0 Exception <a 'java/net/ConnectException'{0x000000070935e518}: Connection refused: connect> (0x000000070935e518) 
thrown [s\open\src\hotspot\share\prims\jni.cpp, line 539]
Event: 194.938 Thread 0x0000023cf26aab70 Exception <a 'java/lang/NoSuchMethodError'{0x0000000708f4e3d8}: 'java.lang.Object java.lang.invoke.DirectMethodHandle$Holder.invokeVirtual(java.lang.Object, java.lang.Object, java.lang.Object, int, java.lang.Object, java.lang.Object)'> (0x0000000708f4e3d8) 
thrown [s\open\src\hotspot\share\interpreter\linkResolver.cpp, line 773]
Event: 194.940 Thread 0x0000023cf26aab70 Exception <a 'java/lang/NoSuchMethodError'{0x0000000708f52718}: 'java.lang.Object java.lang.invoke.DirectMethodHandle$Holder.invokeSpecial(java.lang.Object, java.lang.Object, java.lang.Object, java.lang.Object, int, java.lang.Object, java.lang.Object)'> (0x0000000708f52718) 
thrown [s\open\src\hotspot\share\interpreter\linkResolver.cpp, line 773]
Event: 194.940 Thread 0x0000023cf26aab70 Exception <a 'java/lang/NoSuchMethodError'{0x0000000708f56918}: 'java.lang.Object java.lang.invoke.DelegatingMethodHandle$Holder.reinvoke_L(java.lang.Object, java.lang.Object, java.lang.Object, int, java.lang.Object, java.lang.Object)'> (0x0000000708f56918) 
thrown [s\open\src\hotspot\share\interpreter\linkResolver.cpp, line 773]
Event: 207.621 Thread 0x0000023cf26aa4e0 Exception <a 'java/lang/NoSuchMethodError'{0x000000070885a788}: 'java.lang.Object java.lang.invoke.DirectMethodHandle$Holder.invokeVirtual(java.lang.Object, java.lang.Object, java.lang.Object, int, java.lang.Object)'> (0x000000070885a788) 
thrown [s\open\src\hotspot\share\interpreter\linkResolver.cpp, line 773]
Event: 219.832 Thread 0x0000023cf26ad2d0 Exception <a 'java/lang/NoSuchMethodError'{0x00000007086ff230}: 'java.lang.Object java.lang.invoke.DirectMethodHandle$Holder.invokeVirtual(java.lang.Object, java.lang.Object, java.lang.Object, int)'> (0x00000007086ff230) 
thrown [s\open\src\hotspot\share\interpreter\linkResolver.cpp, line 773]

ZGC Phase Switch (0 events):
No events

VM Operations (20 events):
Event: 321.196 Executing VM operation: Cleanup done
Event: 338.306 Executing VM operation: Cleanup
Event: 338.306 Executing VM operation: Cleanup done
Event: 483.401 Executing VM operation: Cleanup
Event: 483.401 Executing VM operation: Cleanup done
Event: 489.461 Executing VM operation: Cleanup
Event: 489.461 Executing VM operation: Cleanup done
Event: 541.539 Executing VM operation: HandshakeAllThreads (HandshakeForDeflation)
Event: 541.539 Executing VM operation: HandshakeAllThreads (HandshakeForDeflation) done
Event: 541.539 Executing VM operation: RendezvousGCThreads
Event: 541.539 Executing VM operation: RendezvousGCThreads done
Event: 648.388 Executing VM operation: Cleanup
Event: 648.388 Executing VM operation: Cleanup done
Event: 649.399 Executing VM operation: Cleanup
Event: 649.399 Executing VM operation: Cleanup done
Event: 682.651 Executing VM operation: Cleanup
Event: 682.651 Executing VM operation: Cleanup done
Event: 698.760 Executing VM operation: Cleanup
Event: 698.760 Executing VM operation: Cleanup done
Event: 702.127 Executing VM operation: G1CollectForAllocation (G1 Evacuation Pause)

Events (20 events):
Event: 127.936 Thread 0x0000023cf124ca10 Thread added: 0x0000023cf124ca10
Event: 127.937 Thread 0x0000023cf124b660 Thread added: 0x0000023cf124b660
Event: 127.954 Thread 0x0000023cf30e1bb0 Thread added: 0x0000023cf30e1bb0
Event: 127.989 Thread 0x0000023cf124d730 Thread added: 0x0000023cf124d730
Event: 127.991 Thread 0x0000023cf124a2b0 Thread added: 0x0000023cf124a2b0
Event: 133.738 Thread 0x0000023cf30e1bb0 Thread exited: 0x0000023cf30e1bb0
Event: 155.337 Thread 0x0000023cf1249c20 Thread exited: 0x0000023cf1249c20
Event: 158.030 Thread 0x0000023cf1249590 Thread exited: 0x0000023cf1249590
Event: 161.726 Thread 0x0000023cf26af3a0 Thread exited: 0x0000023cf26af3a0
Event: 161.726 Thread 0x0000023cf26ae680 Thread exited: 0x0000023cf26ae680
Event: 188.041 Thread 0x0000023cf124a2b0 Thread exited: 0x0000023cf124a2b0
Event: 194.984 Thread 0x0000023cf30e3020 Thread added: 0x0000023cf30e3020
Event: 196.935 Thread 0x0000023cf30e3020 Thread exited: 0x0000023cf30e3020
Event: 207.679 Thread 0x0000023cf30e3dc0 Thread added: 0x0000023cf30e3dc0
Event: 211.125 Thread 0x0000023cf30e3dc0 Thread exited: 0x0000023cf30e3dc0
Event: 218.054 Thread 0x0000023cf124d730 Thread exited: 0x0000023cf124d730
Event: 219.875 Thread 0x0000023cf30e3dc0 Thread added: 0x0000023cf30e3dc0
Event: 224.695 Thread 0x0000023cf30e3dc0 Thread exited: 0x0000023cf30e3dc0
Event: 482.896 Thread 0x0000023cf30e1bb0 Thread added: 0x0000023cf30e1bb0
Event: 483.086 Thread 0x0000023cf30e1bb0 Thread exited: 0x0000023cf30e1bb0


Dynamic libraries:
0x00007ff6ec4b0000 - 0x00007ff6ec4c0000 	C:\Program Files\Java\jdk-21\bin\java.exe
0x00007ffb0b1a0000 - 0x00007ffb0b406000 	C:\WINDOWS\SYSTEM32\ntdll.dll
0x00007ffb09950000 - 0x00007ffb09a19000 	C:\WINDOWS\System32\KERNEL32.DLL
0x00007ffb08510000 - 0x00007ffb0890f000 	C:\WINDOWS\System32\KERNELBASE.dll
0x00007ffb083b0000 - 0x00007ffb084fc000 	C:\WINDOWS\System32\ucrtbase.dll
0x00007ffad8c90000 - 0x00007ffad8ca9000 	C:\Program Files\Java\jdk-21\bin\jli.dll
0x00007ffb09ef0000 - 0x00007ffb09fac000 	C:\WINDOWS\System32\ADVAPI32.dll
0x00007ffad8c70000 - 0x00007ffad8c8b000 	C:\Program Files\Java\jdk-21\bin\VCRUNTIME140.dll
0x00007ffb09e40000 - 0x00007ffb09ee9000 	C:\WINDOWS\System32\msvcrt.dll
0x00007ffb0a4f0000 - 0x00007ffb0a59a000 	C:\WINDOWS\System32\sechost.dll
0x00007ffb093e0000 - 0x00007ffb094f8000 	C:\WINDOWS\System32\RPCRT4.dll
0x00007ffb0af20000 - 0x00007ffb0b0e6000 	C:\WINDOWS\System32\USER32.dll
0x00007ffb08920000 - 0x00007ffb08947000 	C:\WINDOWS\System32\win32u.dll
0x00007ffb096d0000 - 0x00007ffb096fb000 	C:\WINDOWS\System32\GDI32.dll
0x00007ffb07580000 - 0x00007ffb07811000 	C:\WINDOWS\WinSxS\amd64_microsoft.windows.common-controls_6595b64144ccf1df_6.0.26100.8972_none_3e0da176e32f9d4b\COMCTL32.dll
0x00007ffb08ce0000 - 0x00007ffb08e09000 	C:\WINDOWS\System32\gdi32full.dll
0x00007ffb08b70000 - 0x00007ffb08c13000 	C:\WINDOWS\System32\msvcp_win.dll
0x00007ffb061c0000 - 0x00007ffb061cb000 	C:\WINDOWS\SYSTEM32\VERSION.dll
0x00007ffb09500000 - 0x00007ffb09532000 	C:\WINDOWS\System32\IMM32.DLL
0x00007ffae1960000 - 0x00007ffae196c000 	C:\Program Files\Java\jdk-21\bin\vcruntime140_1.dll
0x00007ffa9a3a0000 - 0x00007ffa9a42e000 	C:\Program Files\Java\jdk-21\bin\msvcp140.dll
0x00007ffa81b40000 - 0x00007ffa8285d000 	C:\Program Files\Java\jdk-21\bin\server\jvm.dll
0x00007ffb097e0000 - 0x00007ffb09862000 	C:\WINDOWS\System32\WS2_32.dll
0x00007ffb08210000 - 0x00007ffb0826e000 	C:\WINDOWS\SYSTEM32\POWRPROF.dll
0x00007ffafce80000 - 0x00007ffafceb6000 	C:\WINDOWS\SYSTEM32\WINMM.dll
0x00007ffb081f0000 - 0x00007ffb08205000 	C:\WINDOWS\SYSTEM32\UMPDC.dll
0x00007ffb069e0000 - 0x00007ffb069fb000 	C:\WINDOWS\SYSTEM32\kernel.appcore.dll
0x00007ffae0f80000 - 0x00007ffae0f8a000 	C:\Program Files\Java\jdk-21\bin\jimage.dll
0x00007ffb07b40000 - 0x00007ffb07d82000 	C:\WINDOWS\SYSTEM32\DBGHELP.DLL
0x00007ffb09ab0000 - 0x00007ffb09e35000 	C:\WINDOWS\System32\combase.dll
0x00007ffb09870000 - 0x00007ffb09949000 	C:\WINDOWS\System32\OLEAUT32.dll
0x00007ffb07a30000 - 0x00007ffb07a6b000 	C:\WINDOWS\SYSTEM32\dbgcore.DLL
0x00007ffb08e10000 - 0x00007ffb08ebc000 	C:\WINDOWS\System32\bcryptPrimitives.dll
0x00007ffae0380000 - 0x00007ffae038f000 	C:\Program Files\Java\jdk-21\bin\instrument.dll
0x00007ffad8910000 - 0x00007ffad892f000 	C:\Program Files\Java\jdk-21\bin\java.dll
0x00007ffb0a6a0000 - 0x00007ffb0ae28000 	C:\WINDOWS\System32\SHELL32.dll
0x00007ffb04cb0000 - 0x00007ffb0554b000 	C:\WINDOWS\SYSTEM32\windows.storage.dll
0x00007ffb0a5a0000 - 0x00007ffb0a699000 	C:\WINDOWS\System32\SHCORE.dll
0x00007ffb0b0f0000 - 0x00007ffb0b156000 	C:\WINDOWS\System32\shlwapi.dll
0x00007ffb082d0000 - 0x00007ffb082f9000 	C:\WINDOWS\SYSTEM32\profapi.dll
0x00007ffa97fa0000 - 0x00007ffa98077000 	C:\Program Files\Java\jdk-21\bin\jsvml.dll
0x00007ffac7380000 - 0x00007ffac7398000 	C:\Program Files\Java\jdk-21\bin\zip.dll
0x00007ffae0e10000 - 0x00007ffae0e20000 	C:\Program Files\Java\jdk-21\bin\net.dll
0x00007ffafe830000 - 0x00007ffafe958000 	C:\WINDOWS\SYSTEM32\WINHTTP.dll
0x00007ffb06630000 - 0x00007ffb0669c000 	C:\WINDOWS\system32\mswsock.dll
0x00007ffad88f0000 - 0x00007ffad8906000 	C:\Program Files\Java\jdk-21\bin\nio.dll
0x00007ffade5f0000 - 0x00007ffade5f9000 	C:\Program Files\Java\jdk-21\bin\extnet.dll
0x00007ffade3d0000 - 0x00007ffade3de000 	C:\Program Files\Java\jdk-21\bin\sunmscapi.dll
0x00007ffb08950000 - 0x00007ffb08ace000 	C:\WINDOWS\System32\CRYPT32.dll
0x00007ffb07440000 - 0x00007ffb07470000 	C:\WINDOWS\SYSTEM32\ncrypt.dll
0x00007ffb07330000 - 0x00007ffb0736f000 	C:\WINDOWS\SYSTEM32\NTASN1.dll
0x00007ffb07eb0000 - 0x00007ffb07ecb000 	C:\WINDOWS\SYSTEM32\CRYPTSP.dll
0x00007ffb05ff0000 - 0x00007ffb06029000 	C:\WINDOWS\system32\rsaenh.dll
0x00007ffb066e0000 - 0x00007ffb06712000 	C:\WINDOWS\SYSTEM32\USERENV.dll
0x00007ffb082a0000 - 0x00007ffb082ca000 	C:\WINDOWS\SYSTEM32\bcrypt.dll
0x00007ffb06920000 - 0x00007ffb0692c000 	C:\WINDOWS\SYSTEM32\CRYPTBASE.dll
0x00007ffb05a30000 - 0x00007ffb05a63000 	C:\WINDOWS\SYSTEM32\IPHLPAPI.DLL
0x00007ffb0a4e0000 - 0x00007ffb0a4ea000 	C:\WINDOWS\System32\NSI.dll
0x00007ffadc110000 - 0x00007ffadc11a000 	C:\Program Files\Java\jdk-21\bin\management.dll
0x00007ffada170000 - 0x00007ffada17b000 	C:\Program Files\Java\jdk-21\bin\management_ext.dll
0x00007ffb0aef0000 - 0x00007ffb0aef8000 	C:\WINDOWS\System32\PSAPI.DLL
0x00007ffb05b20000 - 0x00007ffb05c78000 	C:\WINDOWS\SYSTEM32\DNSAPI.dll
0x00007ffb06430000 - 0x00007ffb0643d000 	C:\WINDOWS\SYSTEM32\DSPARSE.dll
0x00007ffb06a20000 - 0x00007ffb06a2b000 	C:\Windows\System32\rasadhlp.dll
0x00007ffafe1a0000 - 0x00007ffafe226000 	C:\WINDOWS\System32\fwpuclnt.dll
0x00007ffb00950000 - 0x00007ffb00960000 	C:\Program Files\Java\jdk-21\bin\verify.dll
0x00007ffb006c0000 - 0x00007ffb006c8000 	C:\WINDOWS\system32\wshunix.dll

dbghelp: loaded successfully - version: 4.0.5 - missing functions: none
symbol engine: initialized successfully - sym options: 0x614 - pdb path: .;C:\Program Files\Java\jdk-21\bin;C:\WINDOWS\SYSTEM32;C:\WINDOWS\WinSxS\amd64_microsoft.windows.common-controls_6595b64144ccf1df_6.0.26100.8972_none_3e0da176e32f9d4b;C:\Program Files\Java\jdk-21\bin\server

VM Arguments:
jvm_args: -javaagent:C:\Program Files\JetBrains\IntelliJ IDEA Community Edition 2025.2.4\lib\idea_rt.jar=61050 -Dfile.encoding=UTF-8 -Dsun.stdout.encoding=UTF-8 -Dsun.stderr.encoding=UTF-8 
java_command: com.ccadmin.app.ApplicationCcadminApplication
java_class_path (initial): C:\proyectos\multiple\total_ccadmin\backend\ws_wa_store_ccadmin\target\classes;C:\Users\bvasq\.m2\repository\org\springframework\boot\spring-boot-starter-data-jpa\3.2.0\spring-boot-starter-data-jpa-3.2.0.jar;C:\Users\bvasq\.m2\repository\org\springframework\boot\spring-boot-starter-aop\3.2.0\spring-boot-starter-aop-3.2.0.jar;C:\Users\bvasq\.m2\repository\org\aspectj\aspectjweaver\1.9.20.1\aspectjweaver-1.9.20.1.jar;C:\Users\bvasq\.m2\repository\org\springframework\boot\spring-boot-starter-jdbc\3.2.0\spring-boot-starter-jdbc-3.2.0.jar;C:\Users\bvasq\.m2\repository\com\zaxxer\HikariCP\5.0.1\HikariCP-5.0.1.jar;C:\Users\bvasq\.m2\repository\org\springframework\spring-jdbc\6.1.1\spring-jdbc-6.1.1.jar;C:\Users\bvasq\.m2\repository\org\hibernate\orm\hibernate-core\6.3.1.Final\hibernate-core-6.3.1.Final.jar;C:\Users\bvasq\.m2\repository\jakarta\persistence\jakarta.persistence-api\3.1.0\jakarta.persistence-api-3.1.0.jar;C:\Users\bvasq\.m2\repository\jakarta\transaction\jakarta.transaction-api\2.0.1\jakarta.transaction-api-2.0.1.jar;C:\Users\bvasq\.m2\repository\org\jboss\logging\jboss-logging\3.5.3.Final\jboss-logging-3.5.3.Final.jar;C:\Users\bvasq\.m2\repository\org\hibernate\common\hibernate-commons-annotations\6.0.6.Final\hibernate-commons-annotations-6.0.6.Final.jar;C:\Users\bvasq\.m2\repository\io\smallrye\jandex\3.1.2\jandex-3.1.2.jar;C:\Users\bvasq\.m2\repository\com\fasterxml\classmate\1.6.0\classmate-1.6.0.jar;C:\Users\bvasq\.m2\repository\net\bytebuddy\byte-buddy\1.14.10\byte-buddy-1.14.10.jar;C:\Users\bvasq\.m2\repository\org\glassfish\jaxb\jaxb-runtime\4.0.4\jaxb-runtime-4.0.4.jar;C:\Users\bvasq\.m2\repository\org\glassfish\jaxb\jaxb-core\4.0.4\jaxb-core-4.0.4.jar;C:\Users\bvasq\.m2\repository\org\eclipse\angus\angus-activation\2.0.1\angus-activation-2.0.1.jar;C:\Users\bvasq\.m2\repository\org\glassfish\jaxb\txw2\4.0.4\txw2-4.0.4.jar;C:\Users\bvasq\.m2\repository\com\sun\istack\istack-commons-runtime\4.1.2\istack-commons-runtime-4.1.2.jar;C:\Users\bvasq\.m2\repository\jakarta\inject\jakarta.inject-api\2.0.1\jakarta.inject-api-2.0.1.jar;C:\Users\bvasq\.m2\repository\org\antlr\antlr4-runtime\4.10.1\antlr4-runtime-4.10.1.jar;C:\Users\bvasq\.m2\repository\org\springframework\data\spring-data-jpa\3.2.0\spring-data-jpa-3.2.0.jar;C:\Users\bvasq\.m2\repository\org\springframework\data\spring-data-commons\3.2.0\spring-data-commons-3.2.0.jar;C:\Users\bvasq\.m2\repository\org\springframework\spring-orm\6.1.1\spring-orm-6.1.1.jar;C:\Users\bvasq\.m2\repository\org\springframework\spring-context\6.1.1\spring-context-6.1.1.jar;C:\Users\bvasq\.m2\repository\org\springframework\spring-tx\6.1.1\spring-tx-6.1.1.jar;C:\Users\bvasq\.m2\repository\org\springframework\spring-beans\6.1.1\spring-beans-6.1.1.jar;C:\Users\bvasq\.m2\repository\jakarta\annotation\jakarta.annotation-api\2.1.1\jakarta.annotation-api-2.1.1.jar;C:\Users\bvasq\.m2\repository\org\slf4j\slf4j-api\2.0.9\slf4j-api-2.0.9.jar;C:\Users\bvasq\.m2\repository\org\springframework\spring-aspects\6.1.1\spring-aspects-6.1.1.jar;C:\Users\bvasq\.m2\repository\org\springframework\boot\spring-boot-starter-web\3.2.0\spring-boot-starter-web-3.2.0.jar;C:\Users\bvasq\.m2\repository\org\springframework\boot\spring-boot-starter\3.2.0\spring-boot-starter-3.2.0.jar;C:\Users\bvasq\.m2\repository\org\springframework\boot\spring-boot\3.2.0\spring-boot-3.2.0.jar;C:\Users\bvasq\.m2\repository\org\springframework\boot\spring-boot-autoconfigure\3.2.0\spring-boot-autoconfigure-3.2.0.jar;C:\Users\bvasq\.m2\repository\org\springframework\boot\spring-boot-starter-logging\3.2.0\spring-boot-starter-logging-3.2.0.jar;C:\Users\bvasq\.m2\repository\ch\qos\logback\logback-classic\1.4.11\logback-classic-1.4.11.jar;C:\Users\bvasq\.m2\repository\ch\qos\logback\logback-core\1.4.11\logback-core-1.4.11.jar;C:\Users\bvasq\.m2\repository\org\apache\logging\log4j\log4j-to-slf4j\2.21.1\log4j-to-slf4j-2.21.1.jar;C:\Users\bvasq\.m2\repository\org\apache\logging\log4j\log4j-api\2.21.1\log4j-api-2.21.1.jar;C:\Users\bvasq\.m2\repository\org\slf4j\jul-to-slf4j\2.0.9\jul-to-slf4j-2.0.9.jar;C:\Users\bvasq\.m2\repository\org\yaml\snakeyaml\2.2\snakeyaml-2.2.jar;C:\Users\bvasq\.m2\repository\org\springframework\boot\spring-boot-starter-json\3.2.0\spring-boot-starter-json-3.2.0.jar;C:\Users\bvasq\.m2\repository\com\fasterxml\jackson\datatype\jackson-datatype-jdk8\2.15.3\jackson-datatype-jdk8-2.15.3.jar;C:\Users\bvasq\.m2\repository\com\fasterxml\jackson\datatype\jackson-datatype-jsr310\2.15.3\jackson-datatype-jsr310-2.15.3.jar;C:\Users\bvasq\.m2\repository\com\fasterxml\jackson\module\jackson-module-parameter-names\2.15.3\jackson-module-parameter-names-2.15.3.jar;C:\Users\bvasq\.m2\repository\org\springframework\boot\spring-boot-starter-tomcat\3.2.0\spring-boot-starter-tomcat-3.2.0.jar;C:\Users\bvasq\.m2\repository\org\apache\tomcat\embed\tomcat-embed-core\10.1.16\tomcat-embed-core-10.1.16.jar;C:\Users\bvasq\.m2\repository\org\apache\tomcat\embed\tomcat-embed-el\10.1.16\tomcat-embed-el-10.1.16.jar;C:\Users\bvasq\.m2\repository\org\apache\tomcat\embed\tomcat-embed-websocket\10.1.16\tomcat-embed-websocket-10.1.16.jar;C:\Users\bvasq\.m2\repository\org\springframework\spring-web\6.1.1\spring-web-6.1.1.jar;C:\Users\bvasq\.m2\repository\io\micrometer\micrometer-observation\1.12.0\micrometer-observation-1.12.0.jar;C:\Users\bvasq\.m2\repository\io\micrometer\micrometer-commons\1.12.0\micrometer-commons-1.12.0.jar;C:\Users\bvasq\.m2\repository\org\springframework\spring-webmvc\6.1.1\spring-webmvc-6.1.1.jar;C:\Users\bvasq\.m2\repository\org\springframework\spring-expression\6.1.1\spring-expression-6.1.1.jar;C:\Users\bvasq\.m2\repository\com\mysql\mysql-connector-j\8.1.0\mysql-connector-j-8.1.0.jar;C:\Users\bvasq\.m2\repository\jakarta\xml\bind\jakarta.xml.bind-api\4.0.1\jakarta.xml.bind-api-4.0.1.jar;C:\Users\bvasq\.m2\repository\jakarta\activation\jakarta.activation-api\2.1.2\jakarta.activation-api-2.1.2.jar;C:\Users\bvasq\.m2\repository\org\springframework\spring-core\6.1.1\spring-core-6.1.1.jar;C:\Users\bvasq\.m2\repository\org\springframework\spring-jcl\6.1.1\spring-jcl-6.1.1.jar;C:\Users\bvasq\.m2\repository\org\springframework\boot\spring-boot-starter-security\3.2.0\spring-boot-starter-security-3.2.0.jar;C:\Users\bvasq\.m2\repository\org\springframework\spring-aop\6.1.1\spring-aop-6.1.1.jar;C:\Users\bvasq\.m2\repository\org\springframework\security\spring-security-config\6.2.0\spring-security-config-6.2.0.jar;C:\Users\bvasq\.m2\repository\org\springframework\security\spring-security-core\6.2.0\spring-security-core-6.2.0.jar;C:\Users\bvasq\.m2\repository\org\springframework\security\spring-security-crypto\6.2.0\spring-security-crypto-6.2.0.jar;C:\Users\bvasq\.m2\repository\org\springframework\security\spring-security-web\6.2.0\spring-security-web-6.2.0.jar;C:\Users\bvasq\.m2\repository\io\jsonwebtoken\jjwt-api\0.11.5\jjwt-api-0.11.5.jar;C:\Users\bvasq\.m2\repository\io\jsonwebtoken\jjwt-impl\0.11.5\jjwt-impl-0.11.5.jar;C:\Users\bvasq\.m2\repository\io\jsonwebtoken\jjwt-jackson\0.11.5\jjwt-jackson-0.11.5.jar;C:\Users\bvasq\.m2\repository\com\fasterxml\jackson\core\jackson-databind\2.15.3\jackson-databind-2.15.3.jar;C:\Users\bvasq\.m2\repository\com\fasterxml\jackson\core\jackson-annotations\2.15.3\jackson-annotations-2.15.3.jar;C:\Users\bvasq\.m2\repository\com\fasterxml\jackson\core\jackson-core\2.15.3\jackson-core-2.15.3.jar
Launcher Type: SUN_STANDARD

[Global flags]
     intx CICompilerCount                          = 4                                         {product} {ergonomic}
     uint ConcGCThreads                            = 2                                         {product} {ergonomic}
     uint G1ConcRefinementThreads                  = 8                                         {product} {ergonomic}
   size_t G1HeapRegionSize                         = 2097152                                   {product} {ergonomic}
    uintx GCDrainStackTargetSize                   = 64                                        {product} {ergonomic}
   size_t InitialHeapSize                          = 266338304                                 {product} {ergonomic}
   size_t MarkStackSize                            = 4194304                                   {product} {ergonomic}
   size_t MaxHeapSize                              = 4255121408                                {product} {ergonomic}
   size_t MaxNewSize                               = 2552233984                                {product} {ergonomic}
   size_t MinHeapDeltaBytes                        = 2097152                                   {product} {ergonomic}
   size_t MinHeapSize                              = 8388608                                   {product} {ergonomic}
    uintx NonNMethodCodeHeapSize                   = 5839372                                {pd product} {ergonomic}
    uintx NonProfiledCodeHeapSize                  = 122909434                              {pd product} {ergonomic}
    uintx ProfiledCodeHeapSize                     = 122909434                              {pd product} {ergonomic}
    uintx ReservedCodeCacheSize                    = 251658240                              {pd product} {ergonomic}
     bool SegmentedCodeCache                       = true                                      {product} {ergonomic}
   size_t SoftMaxHeapSize                          = 4255121408                             {manageable} {ergonomic}
     bool UseCompressedOops                        = true                           {product lp64_product} {ergonomic}
     bool UseG1GC                                  = true                                      {product} {ergonomic}
     bool UseLargePagesIndividualAllocation        = false                                  {pd product} {ergonomic}

Logging:
Log output configuration:
 #0: stdout all=warning uptime,level,tags foldmultilines=false
 #1: stderr all=off uptime,level,tags foldmultilines=false

Environment Variables:
PATH=C:\Program Files\Common Files\Oracle\Java\javapath;C:\Program Files (x86)\Intel\Intel(R) Management Engine Components\iCLS\;C:\Program Files\Intel\Intel(R) Management Engine Components\iCLS\;C:\WINDOWS\system32;C:\WINDOWS;C:\WINDOWS\System32\Wbem;C:\WINDOWS\System32\WindowsPowerShell\v1.0\;C:\WINDOWS\System32\OpenSSH\;C:\Program Files (x86)\Intel\Intel(R) Management Engine Components\DAL;C:\Program Files\Intel\Intel(R) Management Engine Components\DAL;C:\Program Files (x86)\Intel\Intel(R) Management Engine Components\IPT;C:\Program Files\Intel\Intel(R) Management Engine Components\IPT;C:\Program Files\NVIDIA Corporation\NVIDIA App\NvDLISR;C:\Program Files\Git\cmd;C:\Program Files\dotnet\;%NVM_HOME%;%NVM_SYMLINK%;C:\Users\bvasq\AppData\Local\Microsoft\WindowsApps;C:\Users\bvasq\AppData\Local\Programs\Microsoft VS Code\bin;C:\Program Files\JetBrains\IntelliJ IDEA Community Edition 2025.2.4\bin;C:\Users\bvasq\AppData\Roaming\npm;C:\Users\bvasq\AppData\Local\Python\bin;C:\Users\bvasq\AppData\Local\Programs\Antigravity\bin;C:\Users\bvasq\AppData\Local\Microsoft\WinGet\Packages\Gyan.FFmpeg_Microsoft.Winget.Source_8wekyb3d8bbwe\ffmpeg-8.1.1-full_build\bin;C:\Users\bvasq\AppData\Local\nvm;C:\nvm4w\nodejs;C:\Users\bvasq\AppData\Local\Programs\DockerDesktop\resources\bin
USERNAME=bvasq
OS=Windows_NT
PROCESSOR_IDENTIFIER=Intel64 Family 6 Model 158 Stepping 10, GenuineIntel
TMP=C:\Users\bvasq\AppData\Local\Temp
TEMP=C:\Users\bvasq\AppData\Local\Temp




Periodic native trim disabled

---------------  S Y S T E M  ---------------

OS:
 Windows 11 , 64 bit Build 26100 (10.0.26100.9168)
OS uptime: 2 days 12:10 hours
Hyper-V role detected

CPU: total 8 (initial active 8) (4 cores per cpu, 2 threads per core) family 6 model 158 stepping 10 microcode 0xde, cx8, cmov, fxsr, ht, mmx, 3dnowpref, sse, sse2, sse3, ssse3, sse4.1, sse4.2, popcnt, lzcnt, tsc, tscinvbit, avx, avx2, aes, erms, clmul, bmi1, bmi2, adx, fma, vzeroupper, clflush, clflushopt, hv, rdtscp, f16c
Processor Information for all 8 processors :
  Max Mhz: 2304, Current Mhz: 2304, Mhz Limit: 2304

Memory: 4k page, system-wide physical 16226M (2133M free)
TotalPageFile size 26978M (AvailPageFile size 8887M)
current process WorkingSet (physical memory assigned to process): 377M, peak: 416M
current process commit charge ("private bytes"): 409M, peak: 450M

vm_info: Java HotSpot(TM) 64-Bit Server VM (21.0.8+12-LTS-250) for windows-amd64 JRE (21.0.8+12-LTS-250), built on 2025-06-27T08:11:22Z by "mach5one" with MS VC++ 17.6 (VS2022)

END.
